{
    "Should run mosdepth": {
        "content": [
            {
                "0": [
                    "SVP_test.mosdepth.global.dist.txt:md5,ab6c3845e8ab162ee66cc8845f555a51"
                ],
                "1": [
                    [
                        "SVP_test",
                        "SVP_test.mosdepth.global.dist.txt:md5,ab6c3845e8ab162ee66cc8845f555a51"
                    ]
                ],
                "2": [
                    "SVP_test.mosdepth.summary.txt:md5,f7154a0bc2c281a51719b24a66c507be"
                ],
                "global": [
                    "SVP_test.mosdepth.global.dist.txt:md5,ab6c3845e8ab162ee66cc8845f555a51"
                ],
                "sample_global": [
                    [
                        "SVP_test",
                        "SVP_test.mosdepth.global.dist.txt:md5,ab6c3845e8ab162ee66cc8845f555a51"
                    ]
                ],
                "summary": [
                    "SVP_test.mosdepth.summary.txt:md5,f7154a0bc2c281a51719b24a66c507be"
                ]
            }
        ],
        "meta": {
            "nf-test": "0.9.2",
            "nextflow": "25.04.7"
        },
        "timestamp": "2025-10-06T10:39:50.877193316"
    }
}