{
    "Should predict outbreak potential - monomorphic": {
        "content": [
            {
                "0": [
                    "SVP_test_prediction.txt:md5,f67624311864b033b2b3e079c3733901"
                ]
            }
        ],
        "meta": {
            "nf-test": "0.9.2",
            "nextflow": "25.04.7"
        },
        "timestamp": "2025-10-06T14:25:10.571331841"
    }
}