{
    "Should integrate all modules": {
        "content": [
            {
                "0": [
                    "combined_prediction.csv:md5,9c74c14af2ac0d9a9bb724c962b7289a"
                ],
                "FINAL": [
                    "combined_prediction.csv:md5,9c74c14af2ac0d9a9bb724c962b7289a"
                ]
            }
        ],
        "meta": {
            "nf-test": "0.9.2",
            "nextflow": "25.04.7"
        },
        "timestamp": "2025-10-06T15:23:25.409205959"
    }
}